#-----------------------------------------------------------
# Vivado v2023.2 (64-bit)
# SW Build 4029153 on Fri Oct 13 20:14:34 MDT 2023
# IP Build 4028589 on Sat Oct 14 00:45:43 MDT 2023
# SharedData Build 4025554 on Tue Oct 10 17:18:54 MDT 2023
# Start of session at: Tue May 26 19:55:58 2026
# Process ID: 24376
# Current directory: E:/hardware_curriculum_design/nec_pl_zynq_vrlV0.1/build/gree_ir_pynq_axi/gree_ir_pynq_axi.runs/design_1_gree_ir_axi_0_0_synth_1
# Command line: vivado.exe -log design_1_gree_ir_axi_0_0.vds -product Vivado -mode batch -messageDb vivado.pb -notrace -source design_1_gree_ir_axi_0_0.tcl
# Log file: E:/hardware_curriculum_design/nec_pl_zynq_vrlV0.1/build/gree_ir_pynq_axi/gree_ir_pynq_axi.runs/design_1_gree_ir_axi_0_0_synth_1/design_1_gree_ir_axi_0_0.vds
# Journal file: E:/hardware_curriculum_design/nec_pl_zynq_vrlV0.1/build/gree_ir_pynq_axi/gree_ir_pynq_axi.runs/design_1_gree_ir_axi_0_0_synth_1\vivado.jou
# Running On: LAPTOP-NVV48REL, OS: Windows, CPU Frequency: 2419 MHz, CPU Physical cores: 24, Host memory: 16858 MB
#-----------------------------------------------------------
source design_1_gree_ir_axi_0_0.tcl -notrace
